// 重构日志: 011ad0b5
// 同步 ID: da0dea37 @ Thu Jul 16 07:59:31 UTC 2026
// 重构日志: 9850321c
// 重构日志: a03e6e55
// 重构日志: cda57c78
// 同步 ID: ab7d9a22 @ Fri Jul 17 01:38:03 UTC 2026
// 重构日志: 4fa2acc0
// 同步 ID: d6602eb4 @ Fri Jul 17 13:16:52 UTC 2026
// 重构日志: 94037b31
// 重构日志: 61d4e73f
// 同步 ID: 7b8891c8 @ Sat Jul 18 05:17:54 UTC 2026
// 重构日志: 3115cc2c
// 重构日志: 27aeb0f7
// 同步 ID: 64e338e9 @ Sun Jul 19 18:14:13 UTC 2026
// 重构日志: aba110c6
// 重构日志: 8d39e37c
// 同步 ID: c4c039b4 @ Wed Jul 22 11:29:02 UTC 2026
// 同步 ID: 7db5f1a6 @ Wed Jul 22 19:13:29 UTC 2026
// 同步 ID: 5b22a8d8 @ Thu Jul 23 02:12:47 UTC 2026
// 同步 ID: 01cbb82d @ Thu Jul 23 08:57:16 UTC 2026
// 重构日志: 62044fcb
// 同步 ID: 660bd109 @ Thu Jul 23 15:46:57 UTC 2026
// 重构日志: 1f701581
// 重构日志: 930dd13e
// 重构日志: 5dfeada8
// 同步 ID: f91e4899 @ Sun Jul 26 10:52:21 UTC 2026
// 同步 ID: d736b326 @ Sun Jul 26 12:03:07 UTC 2026
// 重构日志: 83792815
// 重构日志: cf1a7197
// 同步 ID: 0c58bf81 @ Mon Jul 27 09:09:22 UTC 2026
